PlayerCharacter{name='Hero', health=900, level=1, alive=True}
PlayerCharacter{name='Hero with max health', health=1000, level=1, alive=True}
PlayerCharacter{name='dead hero', health=0, level=1, alive=False}

All Heroes heal 100 damage

PlayerCharacter{name='Hero', health=1000, level=1, alive=True}
PlayerCharacter{name='Hero with max health', health=1000, level=1, alive=True}
PlayerCharacter{name='dead hero', health=0, level=1, alive=False}