Characters[0] = PlayerCharacter{name='Blue Hero 1 with max health', health=1000, level=1, alive=true}
Characters[1] = PlayerCharacter{name='Blue slightly injured hero', health=900, level=1, alive=true}
Characters[2] = PlayerCharacter{name='Blue dead hero', health=0, level=1, alive=false}
Characters[3] = PlayerCharacter{name='Neutral slightly injured hero', health=900, level=1, alive=true}
All Heroes get healed 100 damage by Blue healer
Characters[0] = PlayerCharacter{name='Blue Hero 1 with max health', health=1000, level=1, alive=true}
Characters[1] = PlayerCharacter{name='Blue slightly injured hero', health=1000, level=1, alive=true}
Characters[2] = PlayerCharacter{name='Blue dead hero', health=0, level=1, alive=false}
Characters[3] = PlayerCharacter{name='Neutral slightly injured hero', health=900, level=1, alive=true}
