Characters[0] = PlayerCharacter{name='Hero', health=900, level=1, alive=true}
Characters[1] = PlayerCharacter{name='Hero with max health', health=1000, level=1, alive=true}
Characters[2] = PlayerCharacter{name='dead hero', health=0, level=1, alive=false}
All Heroes heal 100 damage
Characters[0] = PlayerCharacter{name='Hero', health=1000, level=1, alive=true}
Characters[1] = PlayerCharacter{name='Hero with max health', health=1000, level=1, alive=true}
Characters[2] = PlayerCharacter{name='dead hero', health=0, level=1, alive=false}
