PlayerCharacter{name='Hero', health=1000, level=1, alive=true, factions=[Faction[name=Blues], Faction[name=Reds]]}